../Core/Src/main.c:99:5:main	200	static
../Core/Src/main.c:170:6:SystemClock_Config	88	static
../Core/Src/main.c:212:13:MX_I2C1_Init	8	static
../Core/Src/main.c:260:13:MX_USART1_UART_Init	8	static
../Core/Src/main.c:293:13:MX_GPIO_Init	40	static
../Core/Src/main.c:336:6:DWT_Init	4	static
../Core/Src/main.c:343:6:delay_us	24	static
../Core/Src/main.c:351:6:SIM_SetOutput	8	static
../Core/Src/main.c:359:6:SIM_SetInput	8	static
../Core/Src/main.c:366:6:SIM_WriteBit	16	static
../Core/Src/main.c:375:9:SIM_ReadBit	8	static
../Core/Src/main.c:380:6:SIM_SendByte	32	static
../Core/Src/main.c:405:9:SIM_ReceiveByte	8	static
../Core/Src/main.c:412:9:SIM_SendAPDU	144	static
../Core/Src/main.c:540:9:SIM_GetResponse	96	static
../Core/Src/main.c:574:6:SIM_ReadIMSI	128	static
../Core/Src/main.c:634:9:SIM_ReadOneByte	24	static
../Core/Src/main.c:662:6:SIM_ReadBytes	32	static
../Core/Src/main.c:669:6:SIM_FindTimingOffset	112	static
../Core/Src/main.c:691:9:SIM_ReadATR_Simple	128	static
../Core/Src/main.c:726:6:SIM_ReadICCID	88	static
../Core/Src/main.c:767:9:SIM_Init	8	static
../Core/Src/main.c:785:6:Error_Handler	4	static,ignoring_inline_asm
