../Core/Inc/main.h:77:20:SIM_HAL_DelayUs	24	static
../Core/Inc/main.h:84:20:SIM_HAL_WriteIO	16	static
../Core/Inc/main.h:92:23:SIM_HAL_ReadIO	4	static
../Core/Inc/main.h:96:20:SIM_HAL_WriteRST	16	static
../Core/Src/sim_card.c:40:9:SIM_Init	8	static
../Core/Src/sim_card.c:51:6:SIM_Reset	8	static
../Core/Src/sim_card.c:58:6:SIM_SendByte	32	static
../Core/Src/sim_card.c:85:9:SIM_ReceiveByte	16	static
../Core/Src/sim_card.c:117:6:SIM_ReceiveBytes	32	static
../Core/Src/sim_card.c:124:9:SIM_ReadATR	88	static
../Core/Src/sim_card.c:154:9:SIM_SendAPDU	144	static
../Core/Src/sim_card.c:274:16:SIM_GetResponse	96	static
../Core/Src/sim_card.c:307:9:SIM_ReadIMSI	128	static
../Core/Src/sim_card.c:362:9:SIM_ReadICCID	88	static
